// Jest Snapshot v1, https://goo.gl/fbAQLP

exports[`expect to render Card component using snapshot testing 1`] = `
<div
  className="tc br4 dib bg-light-yellow grow ma3 pa3 shadow-4"
>
  <img
    alt="roboPhoto"
    src="https://robohash.org/undefined?size=200x200"
  />
  <div>
    <h2 />
    <p />
  </div>
</div>
`;
